resourceLogs:
  - resource:
      attributes:
        - key: gcp.project
          value:
            stringValue: elastic-obs-integrations-dev
        - key: cloud.resource_id
          value:
            stringValue: networkmanagement.googleapis.com%2Fvpc_flows
        - key: gcp.resource_type
          value:
            stringValue: vpc_flow_logs_config
        - key: gcp.label.name
          value:
            stringValue: "joe-test-flow-logs-default"
        - key: gcp.label.location
          value:
            stringValue: global
        - key: gcp.label.resource_container
          value:
            stringValue: projects/774712120909
    scopeLogs:
      - logRecords:
          - attributes:
              - key: log.record.uid
                value:
                  stringValue: 16gybk0f1tkpe0
              - key: network.transport
                value:
                  stringValue: tcp
              - key: source.address
                value:
                  stringValue: 10.128.0.41
              - key: destination.address
                value:
                  stringValue: 35.191.240.41
              - key: source.port
                value:
                  intValue: "443"
              - key: destination.port
                value:
                  intValue: "40708"
              # good to here
              - key: gcp.vpc.flow.reporter
                value:
                  stringValue: SRC
              - key: gcp.vpc.flow.bytes_sent
                value:
                  intValue: "0"
              - key: gcp.vpc.flow.packets_sent
                value:
                  intValue: "640"
              - key: gcp.vpc.flow.start_time
                value:
                  stringValue: "2025-09-27T21:12:02.937646004Z"
              - key: gcp.vpc.flow.end_time
                value:
                  stringValue: "2025-09-27T21:12:02.937646004Z"
              - key: gcp.vpc.flow.source.instance.project.id
                value:
                  stringValue: elastic-obs-integrations-dev
              - key: gcp.vpc.flow.source.instance.vm.region
                value:
                  stringValue: us-central1
              - key: gcp.vpc.flow.source.instance.vm.name
                value:
                  stringValue: proxy-crest-new-group-b51k
              - key: gcp.vpc.flow.source.instance.vm.zone
                value:
                  stringValue: us-central1-a
              - key: gcp.vpc.flow.source.instance.managed_instance_group.name
                value:
                  stringValue: proxy-crest-new-group
              - key: gcp.vpc.flow.source.instance.managed_instance_group.zone
                value:
                  stringValue: us-central1-a
              - key: gcp.vpc.flow.source.project.id
                value:
                  stringValue: elastic-obs-integrations-dev
              - key: gcp.vpc.flow.source.subnet.name
                value:
                  stringValue: default
              - key: gcp.vpc.flow.source.subnet.region
                value:
                  stringValue: us-central1
              - key: gcp.vpc.flow.source.vpc.name
                value:
                  stringValue: default
              - key: gcp.vpc.flow.network_service.dscp
                value:
                  intValue: "32"
            body: {}
            observedTimeUnixNano: "1727500331539677207"
            timeUnixNano: "1727500331539677207"
        scope: {}

