resourceLogs:
  - resource:
      attributes:
        - key: gcp.project
          value:
            stringValue: elastic-obs-integrations-dev
        - key: cloud.resource_id
          value:
            stringValue: compute.googleapis.com%2Fvpc_flows
        - key: gcp.resource_type
          value:
            stringValue: gce_subnetwork
        - key: gcp.label.subnetwork_id
          value:
            stringValue: "2319928369511802306"
        - key: gcp.label.project_id
          value:
            stringValue: elastic-obs-integrations-dev
        - key: gcp.label.location
          value:
            stringValue: us-central1
        - key: gcp.label.subnetwork_name
          value:
            stringValue: default
    scopeLogs:
      - logRecords:
          - attributes:
              - key: log.record.uid
                value:
                  stringValue: qev5urf2og0oq
              - key: network.transport
                value:
                  stringValue: tcp
              - key: source.address
                value:
                  stringValue: 35.191.240.44
              - key: destination.address
                value:
                  stringValue: 10.128.0.43
              - key: source.port
                value:
                  intValue: "47036"
              - key: destination.port
                value:
                  intValue: "443"
              - key: gcp.vpc.flow.reporter
                value:
                  stringValue: DEST
              - key: gcp.vpc.flow.bytes_sent
                value:
                  intValue: "0"
              - key: gcp.vpc.flow.packets_sent
                value:
                  intValue: "16"
              - key: gcp.vpc.flow.start_time
                value:
                  stringValue: "2025-09-27T21:36:34.265718080Z"
              - key: gcp.vpc.flow.end_time
                value:
                  stringValue: "2025-09-27T21:36:34.265718080Z"
              - key: gcp.vpc.flow.destination.instance.project.id
                value:
                  stringValue: elastic-obs-integrations-dev
              - key: gcp.vpc.flow.destination.instance.vm.region
                value:
                  stringValue: us-central1
              - key: gcp.vpc.flow.destination.instance.vm.name
                value:
                  stringValue: proxy-crest-new-group-892l
              - key: gcp.vpc.flow.destination.instance.vm.zone
                value:
                  stringValue: us-central1-a
              - key: gcp.vpc.flow.destination.instance.managed_instance_group.name
                value:
                  stringValue: proxy-crest-new-group
              - key: gcp.vpc.flow.destination.instance.managed_instance_group.zone
                value:
                  stringValue: us-central1-a
              - key: gcp.vpc.flow.destination.project.id
                value:
                  stringValue: elastic-obs-integrations-dev
              - key: gcp.vpc.flow.destination.subnet.name
                value:
                  stringValue: default
              - key: gcp.vpc.flow.destination.subnet.region
                value:
                  stringValue: us-central1
              - key: gcp.vpc.flow.destination.vpc.name
                value:
                  stringValue: default
              - key: gcp.vpc.flow.network_service.dscp
                value:
                  intValue: "32"
            body: {}
            observedTimeUnixNano: "1727500600414372716"
            timeUnixNano: "1727500600414372716"
        scope: {}
